../Core/Src/motor.c:15:6:PID_Param_Init	24	static
../Core/Src/motor.c:30:6:PID_Init	24	static
../Core/Src/motor.c:34:6:PID_DeInit	8	static
../Core/Src/motor.c:39:6:set_p_i_d	24	static
../Core/Src/motor.c:53:5:motor_incremental_pi	48	static
../Core/Src/motor.c:64:6:PID_set_pwm_l	16	static
../Core/Src/motor.c:103:6:motor_init	24	static
../Core/Src/motor.c:124:6:motor_set_speed	24	static
../Core/Src/motor.c:134:6:motor_power_off	8	static
../Core/Src/motor.c:147:6:motor_turn_right	8	static
../Core/Src/motor.c:152:6:motor_turn_left	8	static
../Core/Src/motor.c:157:6:motor_turn_pause	8	static
../Core/Src/motor.c:169:6:motor_turn_resume	8	static
../Core/Src/motor.c:181:6:motor_turn_off	8	static
../Core/Src/motor.c:184:6:motor_turn_forward	8	static
../Core/Src/motor.c:189:6:motor_turn_backward	8	static
../Core/Src/motor.c:194:6:motor_turn_tleft	8	static
../Core/Src/motor.c:198:6:motor_turn_tright	8	static
