../Core/Src/oled.c:7:6:OLED_Write_Command	32	static
../Core/Src/oled.c:12:6:OLED_Write_Data	32	static
../Core/Src/oled.c:17:6:OLED_Write	16	static
../Core/Src/oled.c:27:6:OLED_fill_picture	24	static
../Core/Src/oled.c:38:6:OLED_Set_Pos	16	static
../Core/Src/oled.c:43:6:OLED_Display_On	8	static
../Core/Src/oled.c:48:6:OLED_Display_Off	8	static
../Core/Src/oled.c:54:6:OLED_Clear	16	static
../Core/Src/oled.c:69:6:OLED_ShowChar	32	static
../Core/Src/oled.c:98:6:OLED_ShowNum	32	static
../Core/Src/oled.c:113:6:OLED_ShowString	24	static
../Core/Src/oled.c:131:6:OLED_ShowChinese	24	static
../Core/Src/oled.c:144:6:OLED_ShowBMP	32	static
../Core/Src/oled.c:154:6:OLED_Init	8	static
